Check [WILDCARD]/bench/meta.ts
import.meta.main: false
import.meta.url: [WILDCARD]/bench/meta.ts
    CPU | [WILDCARD]
Runtime | Deno [WILDCARD] ([WILDCARD])

[WILDCARD]/bench/meta.ts

benchmark   time/iter (avg)        iter/s      (min â€¦ max)           p75      p99     p995
----------- ----------------------------- --------------------- --------------------------

