error: [ERR_MODULE_NOT_FOUND] Cannot find module 'file:///[WILDLINE]/esm' imported from 'file:///[WILDLINE]/npm_specifier.mjs'
Did you mean to import with the ".mjs" extension?
    at file:///[WILDLINE]/npm_specifier.mjs:1:8
