Check [WILDCARD]/main.ts

ok | 0 passed | 0 failed | 16 filtered out ([WILDCARD])

