Worker 1
Worker 2
Terminating
Finished sleeping in worker 2
