Defined in [WILDCARD]/module/fun.js:2:1

function fun(_a, _b): void
  This is some documentation

