Check [WILDCARD]/main.ts
running 10 tests from ./main.ts
test 0 ... ignored ([WILDCARD])
test 1 ... ignored ([WILDCARD])
test 2 ... ignored ([WILDCARD])
test 3 ... ignored ([WILDCARD])
test 4 ... ignored ([WILDCARD])
test 5 ... ignored ([WILDCARD])
test 6 ... ignored ([WILDCARD])
test 7 ... ignored ([WILDCARD])
test 8 ... ignored ([WILDCARD])
test 9 ... ignored ([WILDCARD])

ok | 0 passed | 0 failed | 10 ignored ([WILDCARD])

