[WILDCARD]PermissionStatus { state: "prompt", onchange: null }
PermissionStatus { state: "prompt", onchange: null }
PermissionStatus { state: "prompt", onchange: null }
