var __create = Object.create;
var __defProp = Object.defineProperty;
var __getOwnPropDesc = Object.getOwnPropertyDescriptor;
var __getOwnPropNames = Object.getOwnPropertyNames;
var __getProtoOf = Object.getPrototypeOf;
var __hasOwnProp = Object.prototype.hasOwnProperty;
var __commonJS = (cb, mod) => function __require() {
  return mod || (0, cb[__getOwnPropNames(cb)[0]])((mod = { exports: {} }).exports, mod), mod.exports;
};
var __copyProps = (to, from, except, desc) => {
  if (from && typeof from === "object" || typeof from === "function") {
    for (let key of __getOwnPropNames(from))
      if (!__hasOwnProp.call(to, key) && key !== except)
        __defProp(to, key, { get: () => from[key], enumerable: !(desc = __getOwnPropDesc(from, key)) || desc.enumerable });
  }
  return to;
};
var __toESM = (mod, isNodeMode, target) => (target = mod != null ? __create(__getProtoOf(mod)) : {}, __copyProps(
  // If the importer is in node compatibility mode or this is not an ESM
  // file that has been converted to a CommonJS file using a Babel-
  // compatible transform (i.e. "__esModule" has not been set), then set
  // "default" to the CommonJS "module.exports" for node compatibility.
  isNodeMode || !mod || !mod.__esModule ? __defProp(target, "default", { value: mod, enumerable: true }) : target,
  mod
));

// node_modules/package/constants/sub.js
var require_sub = __commonJS({
  "node_modules/package/constants/sub.js"(exports, module) {
    module.exports = 5;
  }
});

// main.cjs
var require_main = __commonJS({
  "main.cjs"() {
    var value = require_sub();
    console.log(value);
  }
});

// node_modules/esm-pkg/index.js
var constants = __toESM(require_sub());
var esm_pkg_default = constants;

// main.mjs
var import_main = __toESM(require_main(), 1);
console.log(esm_pkg_default);
