Check [WILDCARD]
TS2322 [ERROR]: Type 'number' is not assignable to type '(localAddr: Addr) => void'.
  onListen: 1,
  ~~~~~~~~
    at [WILDCARD]