Download http://localhost:4545/jsx/jsx-precompile/index.ts
Check file:///[WILDCARD]/jsx_precompile/no_pragma.tsx
imported http://localhost:4545/jsx/jsx-precompile/index.ts
