┌──────────────────────────────────┬─────────┬────────┬────────┐
│ Package                          │ Current │ Update │ Latest │
├──────────────────────────────────┼─────────┼────────┼────────┤
│ jsr:@denotest/add                │ 0.2.0   │ 0.2.1  │ 1.0.0  │
├──────────────────────────────────┼─────────┼────────┼────────┤
│ npm:@denotest/has-patch-versions │ 0.1.0   │ 0.1.1  │ 0.2.0  │
└──────────────────────────────────┴─────────┴────────┴────────┘
