error: Uncaught (in promise) ReferenceError: setImmediate is not defined
const _foo = setImmediate;
             ^
    at [WILDCARD]main.ts:3:14

    info: setImmediate is not available in the global scope in Deno.
    hint: Import it explicitly with import { setImmediate } from "node:timers";,
          or run again with --unstable-node-globals flag to add this global.
