Error checking: [WILDCARD] Line 1, column 1: Unexpected token

[WILDCARD]
error: Found 1 not formatted file in 1 file
