local: [WILDCARD]info_ts_error.ts
type: TypeScript
dependencies: 0 unique
size: [WILDCARD]

[WILDCARD]info_ts_error.ts ([WILDCARD])
