good [WILDCARD]subdir[WILDCARD]
good [WILDCARD]subdir[WILDCARD]
good [WILDCARD]subdir[WILDCARD]
good [WILDCARD]subdir[WILDCARD]
