Available tasks:
- a
    deno run a.js
    depends on: b, c
- b
    deno run b.js
    depends on: d
- c
    deno run c.js
    depends on: d
- d
    deno run d.js
