Download http://localhost:4260/@denotest%2fsub-folders
Download http://localhost:4260/@denotest/sub-folders/1.0.0.tgz
error: Directory import [WILDCARD]folder_index_js is not supported resolving import from file:///[WILDCARD]/directory_import/folder_index_js.ts
Did you mean to import index.js within the directory?

Caused by:
    [WILDCARD]
