[Module: null prototype] { value: 42 } [Module: null prototype] { value: 42 }
