Loading...
Download http://localhost:4260/@denotest%2fadd
Download http://localhost:4260/@denotest/add/1.0.0.tgz
3
